Microchip MPLAB XC8 Compiler V2.41

Linker command line:

-W-3 \
  --edf=C:/Users/moral/.mchp_packs/Microchip/PIC18Fxxxx_DFP/1.4.151/xc8\pic\dat\20230323171731_en.msgs \
  -cn -h+dist/default/production\PIC18F4550_USB_C.X.production.sym \
  --cmf=dist/default/production\PIC18F4550_USB_C.X.production.cmf -z \
  -Q18F4550 -oC:\Users\moral\AppData\Local\Temp\xcAs73k.\driver_tmp_3.o \
  --defsym=__MPLAB_BUILD=1 --fixupoverflow=error \
  -Mdist/default/production/PIC18F4550_USB_C.X.production.map \
  --md=C:\Users\moral\AppData\Local\Temp\xcAs73k.\driver_tmp_0.dat -E1 \
  -ver=XC8 Compiler --acfsm=1493 -ACODE=00h-07FFFh -ACONST=00h-07FFFh \
  -ASMALLCONST=0800h-08FFhx120 -AMEDIUMCONST=0800h-07FFFh -ACOMRAM=01h-05Fh \
  -AABS1=00h-07FFh -ABIGRAM=01h-07FFh -ARAM=060h-0FFh,0100h-01FFhx7 \
  -ABANK0=060h-0FFh -ABANK1=0100h-01FFh -ABANK2=0200h-02FFh \
  -ABANK3=0300h-03FFh -ABANK4=0400h-04FFh -ABANK5=0500h-05FFh \
  -ABANK6=0600h-06FFh -ABANK7=0700h-07FFh -ASFR=0F60h-0FFFh \
  -ABIGSFR=0F60h-0FFFh -ACONFIG=0300000h-030000Dh -AIDLOC=0200000h-0200007h \
  -AEEDATA=0F00000h-0F000FFh -peeprom_data=EEDATA \
  -preset_vec=00h,intcode=08h,intcodelo=018h,powerup,init -pramtop=0800h \
  -psmallconst=SMALLCONST -pmediumconst=MEDIUMCONST -pconst=CONST \
  -AFARRAM=00h-00h \
  -prdata=COMRAM,nvrram=COMRAM,nvbit=COMRAM,rbss=COMRAM,rbit=COMRAM \
  -pfarbss=FARRAM,fardata=FARRAM,nvFARRAM=FARRAM \
  -pintsave_regs=BIGRAM,bigbss=BIGRAM,bigdata=BIGRAM -pbss=RAM \
  -pidata=CODE,irdata=CODE,ibigdata=CODE,ifardata=CODE -prparam=COMRAM \
  C:\Users\moral\AppData\Local\Temp\xcAs73k.\driver_tmp_9.o \
  dist/default/production\PIC18F4550_USB_C.X.production.o 

Object code version is 3.11

Machine type is 18F4550



                Name                               Link     Load   Length Selector   Space Scale
C:\Users\moral\AppData\Local\Temp\xcAs73k.\driver_tmp_9.o
                idloc                            200000   200000        8        0       5
                config                           300000   300000        E        0       4
                init                                 4A       4A        4        C       0
                reset_vec                             0        0        4        0       0
dist/default/production\PIC18F4550_USB_C.X.production.o
                intcodelo                            18       18       32        C       0
                intcode                               8        8        6        4       0
                idloc                            200000   200000        8        0       5
                config                           300000   300000        E        0       4
                temp                                 50       50        1        1       1
                smallconst                          800      800       C8      400       0
                text39                             1AB6     1AB6      110      464       0
                text38                             1CD4     1CD4      10A      464       0
                text37                             1DDE     1DDE       F0      464       0
                text36                             10F6     10F6      144      464       0
                text35                             22FC     22FC       74      464       0
                text34                             2120     2120       B0      464       0
                text33                             24D4     24D4       4C      464       0
                text32                             173A     173A      13E      464       0
                text31                             2648     2648       32      464       0
                text30                              FAC      FAC      14A      464       0
                text29                             2720     2720       22      464       0
                text28                             21D0     21D0       9C      464       0
                text27                              8C8      8C8      35C      464       0
                text26                              E4C      E4C      160      464       0
                text25                             1BC6     1BC6      10E      464       0
                text24                             25DE     25DE       38      464       0
                text23                             1ECE     1ECE       E6      464       0
                text22                             19A4     19A4      112      464       0
                text21                             206C     206C       B4      464       0
                text20                             137C     137C      142      464       0
                text19                             226C     226C       90      464       0
                text18                             2484     2484       50      464       0
                text17                             1FB4     1FB4       B8      464       0
                text16                             2616     2616       32      464       0
                text15                             2370     2370       60      464       0
                text14                             26A8     26A8       2C      464       0
                text13                             2566     2566       3E      464       0
                text12                             15FC     15FC      13E      464       0
                text11                              C24      C24      228      464       0
                intcode_body                       242A     242A       5A      464       0
                text9                              1878     1878      12C      464       0
                text7                              267A     267A       2E      464       0
                text6                              26FA     26FA       26      464       0
                text5                              2520     2520       46      464       0
                text4                              25A4     25A4       3A      464       0
                text3                              14BE     14BE      13E      464       0
                text2                              123A     123A      142      464       0
                text1                              2742     2742       20      464       0
                text0                              23D0     23D0       5A      464       0
                cstackCOMRAM                          1        1       29        1       1
                cstackBANK0                          7A       7A       10       60       1
                bssBANK0                             60       60       1A       60       1
                bssCOMRAM                            2A       2A       26        1       1
                cinit                              26D4     26D4       26      464       0

TOTAL           Name                               Link     Load   Length     Space
        CLASS   CODE           
                intcodelo                            18       18       32         0
                intcode                               8        8        6         0
                init                                 4A       4A        4         0
                reset_vec                             0        0        4         0
                text39                             1AB6     1AB6      110         0
                text38                             1CD4     1CD4      10A         0
                text37                             1DDE     1DDE       F0         0
                text36                             10F6     10F6      144         0
                text35                             22FC     22FC       74         0
                text34                             2120     2120       B0         0
                text33                             24D4     24D4       4C         0
                text32                             173A     173A      13E         0
                text31                             2648     2648       32         0
                text30                              FAC      FAC      14A         0
                text29                             2720     2720       22         0
                text28                             21D0     21D0       9C         0
                text27                              8C8      8C8      35C         0
                text26                              E4C      E4C      160         0
                text25                             1BC6     1BC6      10E         0
                text24                             25DE     25DE       38         0
                text23                             1ECE     1ECE       E6         0
                text22                             19A4     19A4      112         0
                text21                             206C     206C       B4         0
                text20                             137C     137C      142         0
                text19                             226C     226C       90         0
                text18                             2484     2484       50         0
                text17                             1FB4     1FB4       B8         0
                text16                             2616     2616       32         0
                text15                             2370     2370       60         0
                text14                             26A8     26A8       2C         0
                text13                             2566     2566       3E         0
                text12                             15FC     15FC      13E         0
                text11                              C24      C24      228         0
                intcode_body                       242A     242A       5A         0
                text9                              1878     1878      12C         0
                text7                              267A     267A       2E         0
                text6                              26FA     26FA       26         0
                text5                              2520     2520       46         0
                text4                              25A4     25A4       3A         0
                text3                              14BE     14BE      13E         0
                text2                              123A     123A      142         0
                text1                              2742     2742       20         0
                text0                              23D0     23D0       5A         0
                cinit                              26D4     26D4       26         0

        CLASS   CONST          

        CLASS   SMALLCONST     
                smallconst                          800      800       C8         0

        CLASS   MEDIUMCONST    

        CLASS   COMRAM         
                temp                                 50       50        1         1
                cstackCOMRAM                          1        1       29         1
                bssCOMRAM                            2A       2A       26         1

        CLASS   ABS1           
                abs_s1                              400      400       30         1
                abs_s1                              500      500       80         1

        CLASS   BIGRAM         

        CLASS   RAM            

        CLASS   BANK0          
                cstackBANK0                          7A       7A       10         1
                bssBANK0                             60       60       1A         1

        CLASS   BANK1          

        CLASS   BANK2          

        CLASS   BANK3          

        CLASS   BANK4          

        CLASS   BANK5          

        CLASS   BANK6          

        CLASS   BANK7          

        CLASS   SFR            

        CLASS   BIGSFR         

        CLASS   CONFIG         
                config                           300000   300000        E         4

        CLASS   IDLOC          
                idloc                            200000   200000        8         5

        CLASS   EEDATA         

        CLASS   FARRAM         

        CLASS   HEAP           

        CLASS   STACK          



SEGMENTS        Name                           Load    Length   Top    Selector   Space  Class

                reset_vec                      000000  000004  000004         0       0  CODE    
                cstackCOMRAM                   000001  000050  000051         1       1  COMRAM  
                intcode                        000008  000006  00000E         4       0  CODE    
                intcodelo                      000018  000036  00004E         C       0  CODE    
                bssBANK0                       000060  00002A  00008A        60       1  BANK0   
                smallconst                     000800  0000C8  0008C8       400       0  SMALLCON
                text27                         0008C8  001E9A  002762       464       0  CODE    


UNUSED ADDRESS RANGES

        Name                Unused          Largest block    Delta
        BANK0            00008A-0000FF               76
        BANK1            000100-0001FF              100
        BANK2            000200-0002FF              100
        BANK3            000300-0003FF              100
        BANK4            000430-0004FF               D0
        BANK5            000580-0005FF               80
        BANK6            000600-0006FF              100
        BANK7            000700-0007FF              100
        BIGRAM           000051-00005F                F
                         00008A-0003FF              376
                         000430-0004FF               D0
                         000580-0007FF              280
        BIGSFR           000F60-000FFF               A0
        CODE             000004-000007                4
                         00000E-000017                A
                         00004E-0007FF              7B2
                         002762-007FFF             589E
        COMRAM           000051-00005F                F
        CONST            000004-000007                4
                         00000E-000017                A
                         00004E-0007FF              7B2
                         002762-007FFF             589E
        EEDATA           F00000-F000FF              100
        MEDIUMCONST      002762-007FFF             589E
        RAM              00008A-0003FF              100
                         000430-0004FF               D0
                         000580-0007FF              100
        SFR              000F60-000FFF               A0
        SMALLCONST       002762-007FFF              100

                                  Symbol Table

?_USBTransferOnePacket                   cstackBANK0  00007F
?i2_USBTransferOnePacket                 cstackCOMRAM 000001
PIC18F4550_Initialize@state              cstackBANK0  00007F
USBConfigureEndpoint@EPNum               cstackCOMRAM 000008
USBConfigureEndpoint@direction           cstackCOMRAM 000001
USBConfigureEndpoint@handle              cstackCOMRAM 000009
USBCtrlTrfInHandler@lastDTS              cstackCOMRAM 000002
USBCtrlTrfRxService@byteToRead           cstackCOMRAM 000002
USBCtrlTrfRxService@i                    cstackCOMRAM 000001
USBCtrlTrfTxService@byteToSend           cstackCOMRAM 000001
USBDeviceInit@i                          cstackBANK0  000087
USBDeviceTasks@i                         cstackCOMRAM 00001F
USBEnableEndpoint@ep                     cstackCOMRAM 00000E
USBEnableEndpoint@options                cstackCOMRAM 00000B
USBEnableEndpoint@p                      cstackCOMRAM 00000C
USBStdFeatureReqHandler@current_ep_data  cstackCOMRAM 00001B
USBStdFeatureReqHandler@p                cstackCOMRAM 00001C
USBStdFeatureReqHandler@pUEP             cstackCOMRAM 000019
USBStdGetStatusHandler@p                 cstackCOMRAM 000002
USBStdSetCfgHandler@i                    cstackCOMRAM 000017
USBTransferOnePacket@data                cstackBANK0  000080
USBTransferOnePacket@dir                 cstackBANK0  00007F
USBTransferOnePacket@ep                  cstackBANK0  000087
USBTransferOnePacket@handle              cstackBANK0  000088
USBTransferOnePacket@len                 cstackBANK0  000082
USER_USB_CALLBACK_EVENT_HANDLER@event    cstackCOMRAM 00000F
USER_USB_CALLBACK_EVENT_HANDLER@pdata    cstackCOMRAM 000011
USER_USB_CALLBACK_EVENT_HANDLER@size     cstackCOMRAM 000013
Update_Duty@blue_Duty                    cstackBANK0  000080
Update_Duty@green_Duty                   cstackBANK0  00007F
Update_Duty@red_Duty                     cstackBANK0  000081
_APP_DeviceCustomHIDInitialize           text31       002648
_BDT                                     (abs)        000400
_BothEP0OutUOWNsSet                      bssCOMRAM    000044
_CtrlTrfData                             (abs)        000428
_INTCONbits                              (abs)        000FF2
_IPR1bits                                (abs)        000F9F
_IPR2bits                                (abs)        000FA2
_Init_PWM                                text7        00267A
_LATCbits                                (abs)        000F8B
_PIC18F4550_Initialize                   text6        0026FA
_PIE1bits                                (abs)        000F9D
_PIE2bits                                (abs)        000FA0
_PIR1bits                                (abs)        000F9E
_PIR2bits                                (abs)        000FA1
_PR2                                     (abs)        000FCB
_RCONbits                                (abs)        000FD0
_ReceivedDataBuffer                      (abs)        000500
_RemoteWakeup                            bssCOMRAM    000047
_SYS_InterruptHigh                       intcode      000008
_SetupPkt                                (abs)        000420
_T2CON                                   (abs)        000FCA
_T2CONbits                               (abs)        000FCA
_TRISCbits                               (abs)        000F94
_ToSendDataBuffer                        (abs)        000540
_UADDR                                   (abs)        000F6E
_UCFG                                    (abs)        000F6F
_UCON                                    (abs)        000F6D
_UCONbits                                (abs)        000F6D
_UEIE                                    (abs)        000F6B
_UEIR                                    (abs)        000F6A
_UEP0                                    (abs)        000F70
_UEP0bits                                (abs)        000F70
_UEP1                                    (abs)        000F71
_UIE                                     (abs)        000F69
_UIEbits                                 (abs)        000F69
_UIR                                     (abs)        000F68
_UIRbits                                 (abs)        000F68
_USB1msTickCount                         bssCOMRAM    00002A
_USBActiveConfiguration                  bssCOMRAM    00004F
_USBAlternateInterface                   bssCOMRAM    00004E
_USBBusIsSuspended                       bssCOMRAM    000046
_USBCheckHIDRequest                      text30       000FAC
_USBCheckStdRequest                      text22       0019A4
_USBConfigureEndpoint                    text34       002120
_USBCtrlEPAllowDataStage                 text21       00206C
_USBCtrlEPAllowStatusStage               text37       001DDE
_USBCtrlEPService                        text17       001FB4
_USBCtrlEPServiceComplete                text20       00137C
_USBCtrlTrfInHandler                     text38       001CD4
_USBCtrlTrfOutHandler                    text35       0022FC
_USBCtrlTrfRxService                     text36       0010F6
_USBCtrlTrfSetupHandler                  text19       00226C
_USBCtrlTrfTxService                     text39       001AB6
_USBDeferINDataStagePackets              bssCOMRAM    00003F
_USBDeferOUTDataStagePackets             bssCOMRAM    00003E
_USBDeferStatusStagePacket               bssCOMRAM    000042
_USBDeviceAttach                         text5        002520
_USBDeviceInit                           text3        0014BE
_USBDeviceState                          bssCOMRAM    00004A
_USBDeviceTasks                          text11       000C24
_USBEnableEndpoint                       text33       0024D4
_USBInHandle                             bssCOMRAM    000030
_USBIncrement1msInternalTimers           text16       002616
_USBOutHandle                            bssCOMRAM    000032
_USBStallHandler                         text15       002370
_USBStatusStageEnabledFlag1              bssCOMRAM    000041
_USBStatusStageEnabledFlag2              bssCOMRAM    000040
_USBStatusStageTimeoutCounter            bssCOMRAM    000043
_USBStdFeatureReqHandler                 text27       0008C8
_USBStdGetDscHandler                     text26       000E4C
_USBStdGetStatusHandler                  text25       001BC6
_USBStdSetCfgHandler                     text23       001ECE
_USBSuspend                              text14       0026A8
_USBTicksSinceSuspendEnd                 bssCOMRAM    00003D
_USBTransferOnePacket                    text2        00123A
_USBWakeFromSuspend                      text13       002566
_USB_CD_Ptr                              smallconst   000807
_USB_SD_Ptr                              smallconst   000801
_USER_USB_CALLBACK_EVENT_HANDLER         text28       0021D0
_USTAT                                   (abs)        000F6C
_USTATcopy                               bssCOMRAM    00004D
_Update_Duty                             text1        002742
_Update_PWM                              text9        001878
__HRAM                                   (abs)        000000
__H__absolute__                          __absolute__ 000000
__Habs1                                  abs1         000000
__Hbank0                                 bank0        000000
__Hbank1                                 bank1        000000
__Hbank2                                 bank2        000000
__Hbank3                                 bank3        000000
__Hbank4                                 bank4        000000
__Hbank5                                 bank5        000000
__Hbank6                                 bank6        000000
__Hbank7                                 bank7        000000
__Hbigbss                                bigbss       000000
__Hbigdata                               bigdata      000000
__Hbigram                                bigram       000000
__Hbigsfr                                bigsfr       000000
__Hbss                                   bss          000000
__HbssBANK0                              bssBANK0     000000
__HbssCOMRAM                             bssCOMRAM    000000
__Hcinit                                 cinit        000000
__Hclrtext                               clrtext      000000
__Hcomram                                comram       000000
__Hconfig                                config       30000E
__Hconst                                 const        000000
__HcstackBANK0                           cstackBANK0  000000
__HcstackCOMRAM                          cstackCOMRAM 000000
__Hdata                                  data         000000
__Heeprom_data                           eeprom_data  000000
__Hfarbss                                farbss       000000
__Hfardata                               fardata      000000
__Hheap                                  heap         000000
__Hibigdata                              ibigdata     000000
__Hidata                                 idata        000000
__Hidloc                                 idloc        200008
__Hifardata                              ifardata     000000
__Hinit                                  init         00004E
__Hintcode                               intcode      00000E
__Hintcode_body                          intcode_body 000000
__Hintcodelo                             intcodelo    00004A
__Hintentry                              intentry     000000
__Hintret                                intret       000000
__Hintsave_regs                          intsave_regs 000000
__Hirdata                                irdata       000000
__Hmediumconst                           mediumconst  000000
__HnvFARRAM                              nvFARRAM     000000
__Hnvbit                                 nvbit        000000
__Hnvrram                                nvrram       000000
__Hparam                                 rparam       000000
__Hpowerup                               powerup      00004A
__Hram                                   ram          000000
__Hramtop                                ramtop       000800
__Hrbit                                  rbit         000000
__Hrbss                                  rbss         000000
__Hrdata                                 rdata        000000
__Hreset_vec                             reset_vec    000004
__Hrparam                                rparam       000000
__Hsfr                                   sfr          000000
__Hsmallconst                            smallconst   0008C8
__Hspace_0                               (abs)        002762
__Hspace_1                               (abs)        00008A
__Hspace_2                               (abs)        000000
__Hspace_4                               (abs)        60000E
__Hstack                                 stack        000000
__Hstruct                                struct       000000
__Htemp                                  temp         000051
__Htext                                  text         000000
__Htext0                                 text0        000000
__Htext1                                 text1        000000
__Htext11                                text11       000000
__Htext12                                text12       000000
__Htext13                                text13       000000
__Htext14                                text14       000000
__Htext15                                text15       000000
__Htext16                                text16       000000
__Htext17                                text17       000000
__Htext18                                text18       000000
__Htext19                                text19       000000
__Htext2                                 text2        000000
__Htext20                                text20       000000
__Htext21                                text21       000000
__Htext22                                text22       000000
__Htext23                                text23       000000
__Htext24                                text24       000000
__Htext25                                text25       000000
__Htext26                                text26       000000
__Htext27                                text27       000000
__Htext28                                text28       000000
__Htext29                                text29       000000
__Htext3                                 text3        000000
__Htext30                                text30       000000
__Htext31                                text31       000000
__Htext32                                text32       000000
__Htext33                                text33       000000
__Htext34                                text34       000000
__Htext35                                text35       000000
__Htext36                                text36       000000
__Htext37                                text37       000000
__Htext38                                text38       000000
__Htext39                                text39       000000
__Htext4                                 text4        000000
__Htext5                                 text5        000000
__Htext6                                 text6        000000
__Htext7                                 text7        000000
__Htext9                                 text9        000000
__LRAM                                   (abs)        000001
__L__absolute__                          __absolute__ 000000
__Labs1                                  abs1         000000
__Lbank0                                 bank0        000000
__Lbank1                                 bank1        000000
__Lbank2                                 bank2        000000
__Lbank3                                 bank3        000000
__Lbank4                                 bank4        000000
__Lbank5                                 bank5        000000
__Lbank6                                 bank6        000000
__Lbank7                                 bank7        000000
__Lbigbss                                bigbss       000000
__Lbigdata                               bigdata      000000
__Lbigram                                bigram       000000
__Lbigsfr                                bigsfr       000000
__Lbss                                   bss          000000
__LbssBANK0                              bssBANK0     000000
__LbssCOMRAM                             bssCOMRAM    000000
__Lcinit                                 cinit        000000
__Lclrtext                               clrtext      000000
__Lcomram                                comram       000000
__Lconfig                                config       000000
__Lconst                                 const        000000
__LcstackBANK0                           cstackBANK0  000000
__LcstackCOMRAM                          cstackCOMRAM 000000
__Ldata                                  data         000000
__Leeprom_data                           eeprom_data  000000
__Lfarbss                                farbss       000000
__Lfardata                               fardata      000000
__Lheap                                  heap         000000
__Libigdata                              ibigdata     000000
__Lidata                                 idata        000000
__Lidloc                                 idloc        000000
__Lifardata                              ifardata     000000
__Linit                                  init         00004A
__Lintcode                               intcode      000008
__Lintcode_body                          intcode_body 000000
__Lintcodelo                             intcodelo    000018
__Lintentry                              intentry     000000
__Lintret                                intret       000000
__Lintsave_regs                          intsave_regs 000000
__Lirdata                                irdata       000000
__Lmediumconst                           mediumconst  000000
__LnvFARRAM                              nvFARRAM     000000
__Lnvbit                                 nvbit        000000
__Lnvrram                                nvrram       000000
__Lparam                                 rparam       000000
__Lpowerup                               powerup      00004A
__Lram                                   ram          000000
__Lramtop                                ramtop       000800
__Lrbit                                  rbit         000000
__Lrbss                                  rbss         000000
__Lrdata                                 rdata        000000
__Lreset_vec                             reset_vec    000000
__Lrparam                                rparam       000000
__Lsfr                                   sfr          000000
__Lsmallconst                            smallconst   000800
__Lspace_0                               (abs)        000000
__Lspace_1                               (abs)        000000
__Lspace_2                               (abs)        000000
__Lspace_4                               (abs)        000000
__Lstack                                 stack        000000
__Lstruct                                struct       000000
__Ltemp                                  temp         000050
__Ltext                                  text         000000
__Ltext0                                 text0        000000
__Ltext1                                 text1        000000
__Ltext11                                text11       000000
__Ltext12                                text12       000000
__Ltext13                                text13       000000
__Ltext14                                text14       000000
__Ltext15                                text15       000000
__Ltext16                                text16       000000
__Ltext17                                text17       000000
__Ltext18                                text18       000000
__Ltext19                                text19       000000
__Ltext2                                 text2        000000
__Ltext20                                text20       000000
__Ltext21                                text21       000000
__Ltext22                                text22       000000
__Ltext23                                text23       000000
__Ltext24                                text24       000000
__Ltext25                                text25       000000
__Ltext26                                text26       000000
__Ltext27                                text27       000000
__Ltext28                                text28       000000
__Ltext29                                text29       000000
__Ltext3                                 text3        000000
__Ltext30                                text30       000000
__Ltext31                                text31       000000
__Ltext32                                text32       000000
__Ltext33                                text33       000000
__Ltext34                                text34       000000
__Ltext35                                text35       000000
__Ltext36                                text36       000000
__Ltext37                                text37       000000
__Ltext38                                text38       000000
__Ltext39                                text39       000000
__Ltext4                                 text4        000000
__Ltext5                                 text5        000000
__Ltext6                                 text6        000000
__Ltext7                                 text7        000000
__Ltext9                                 text9        000000
__S0                                     (abs)        002762
__S1                                     (abs)        00008A
__S4                                     (abs)        000000
__S5                                     (abs)        000000
___heap_hi                               (abs)        000000
___heap_lo                               (abs)        000000
___inthi_sp                              stack        000000
___intlo_sp                              stack        000000
___param_bank                            (abs)        000000
___rparam_used                           (abs)        000001
___sp                                    stack        000000
__accesstop                              (abs)        000060
__activetblptr                           (abs)        000002
__end_of_APP_DeviceCustomHIDInitialize   text31       00267A
__end_of_Init_PWM                        text7        0026A8
__end_of_PIC18F4550_Initialize           text6        002720
__end_of_SYS_InterruptHigh               intcode_body 002484
__end_of_USBCheckHIDRequest              text30       0010F6
__end_of_USBCheckStdRequest              text22       001AB6
__end_of_USBConfigureEndpoint            text34       0021D0
__end_of_USBCtrlEPAllowDataStage         text21       002120
__end_of_USBCtrlEPAllowStatusStage       text37       001ECE
__end_of_USBCtrlEPService                text17       00206C
__end_of_USBCtrlEPServiceComplete        text20       0014BE
__end_of_USBCtrlTrfInHandler             text38       001DDE
__end_of_USBCtrlTrfOutHandler            text35       002370
__end_of_USBCtrlTrfRxService             text36       00123A
__end_of_USBCtrlTrfSetupHandler          text19       0022FC
__end_of_USBCtrlTrfTxService             text39       001BC6
__end_of_USBDeviceAttach                 text5        002566
__end_of_USBDeviceInit                   text3        0015FC
__end_of_USBDeviceTasks                  text11       000E4C
__end_of_USBEnableEndpoint               text33       002520
__end_of_USBIncrement1msInternalTimers   text16       002648
__end_of_USBStallHandler                 text15       0023D0
__end_of_USBStdFeatureReqHandler         text27       000C24
__end_of_USBStdGetDscHandler             text26       000FAC
__end_of_USBStdGetStatusHandler          text25       001CD4
__end_of_USBStdSetCfgHandler             text23       001FB4
__end_of_USBSuspend                      text14       0026D4
__end_of_USBTransferOnePacket            text2        00137C
__end_of_USBWakeFromSuspend              text13       0025A4
__end_of_USB_CD_Ptr                      smallconst   000809
__end_of_USB_SD_Ptr                      smallconst   000807
__end_of_USER_USB_CALLBACK_EVENT_HANDLER text28       00226C
__end_of_Update_Duty                     text1        002762
__end_of_Update_PWM                      text9        0019A4
__end_of__initialization                 cinit        0026EC
__end_of_configDescriptor1               smallconst   000894
__end_of_device_dsc                      smallconst   0008C3
__end_of_hid_rpt01                       smallconst   0008B1
__end_of_main                            text0        00242A
__end_of_memcpy                          text18       0024D4
__end_of_memset                          text4        0025DE
__end_of_pwm_low_priority                intcodelo    00004A
__end_of_sd000                           smallconst   0008C7
__end_of_sd001                           smallconst   00083D
__end_of_sd002                           smallconst   00086B
__end_ofi2_PIC18F4550_Initialize         text29       002742
__end_ofi2_USBDeviceInit                 text12       00173A
__end_ofi2_USBTransferOnePacket          text32       001878
__end_ofi2_memset                        text24       002616
__initialization                         cinit        0026D4
__mediumconst                            mediumconst  000000
__pbssBANK0                              bssBANK0     000060
__pbssCOMRAM                             bssCOMRAM    00002A
__pcinit                                 cinit        0026D4
__pcstackBANK0                           cstackBANK0  00007A
__pcstackCOMRAM                          cstackCOMRAM 000001
__pintcode                               intcode      000008
__pintcode_body                          intcode_body 00242A
__pintcodelo                             intcodelo    000018
__psmallconst                            smallconst   000800
__ptext0                                 text0        0023D0
__ptext1                                 text1        002742
__ptext11                                text11       000C24
__ptext12                                text12       0015FC
__ptext13                                text13       002566
__ptext14                                text14       0026A8
__ptext15                                text15       002370
__ptext16                                text16       002616
__ptext17                                text17       001FB4
__ptext18                                text18       002484
__ptext19                                text19       00226C
__ptext2                                 text2        00123A
__ptext20                                text20       00137C
__ptext21                                text21       00206C
__ptext22                                text22       0019A4
__ptext23                                text23       001ECE
__ptext24                                text24       0025DE
__ptext25                                text25       001BC6
__ptext26                                text26       000E4C
__ptext27                                text27       0008C8
__ptext28                                text28       0021D0
__ptext29                                text29       002720
__ptext3                                 text3        0014BE
__ptext30                                text30       000FAC
__ptext31                                text31       002648
__ptext32                                text32       00173A
__ptext33                                text33       0024D4
__ptext34                                text34       002120
__ptext35                                text35       0022FC
__ptext36                                text36       0010F6
__ptext37                                text37       001DDE
__ptext38                                text38       001CD4
__ptext39                                text39       001AB6
__ptext4                                 text4        0025A4
__ptext5                                 text5        002520
__ptext6                                 text6        0026FA
__ptext7                                 text7        00267A
__ptext9                                 text9        001878
__ramtop                                 ramtop       000800
__smallconst                             smallconst   000800
_active_protocol                         bssCOMRAM    00004B
_configDescriptor1                       smallconst   00086B
_controlTransferState                    bssCOMRAM    000048
_count                                   bssCOMRAM    00002E
_device_dsc                              smallconst   0008B1
_duty_B                                  bssCOMRAM    00003A
_duty_G                                  bssCOMRAM    00003B
_duty_R                                  bssCOMRAM    00003C
_endpoint_number                         bssCOMRAM    000045
_ep_data_in                              bssBANK0     000078
_ep_data_out                             bssBANK0     000076
_hid_rpt01                               smallconst   000894
_idle_rate                               bssCOMRAM    00004C
_inPipes                                 bssBANK0     000068
_main                                    text0        0023D0
_memcpy                                  text18       002484
_memset                                  text4        0025A4
_outPipes                                bssBANK0     000060
_pBDTEntryEP0OutCurrent                  bssCOMRAM    000038
_pBDTEntryEP0OutNext                     bssCOMRAM    000036
_pBDTEntryIn                             bssBANK0     00006E
_pBDTEntryOut                            bssBANK0     000072
_pDst                                    bssCOMRAM    000034
_pwm_low_priority                        intcodelo    000018
_sd000                                   smallconst   0008C3
_sd001                                   smallconst   000809
_sd002                                   smallconst   00083D
_shortPacketStatus                       bssCOMRAM    000049
btemp                                    temp         000050
end_of_initialization                    cinit        0026EC
i2PIC18F4550_Initialize@state            cstackCOMRAM 000001
i2USBDeviceInit@i                        cstackCOMRAM 000009
i2USBTransferOnePacket@data              cstackCOMRAM 000002
i2USBTransferOnePacket@dir               cstackCOMRAM 000001
i2USBTransferOnePacket@ep                cstackCOMRAM 000009
i2USBTransferOnePacket@handle            cstackCOMRAM 00000A
i2USBTransferOnePacket@len               cstackCOMRAM 000004
i2_PIC18F4550_Initialize                 text29       002720
i2_USBDeviceInit                         text12       0015FC
i2_USBTransferOnePacket                  text32       00173A
i2_memset                                text24       0025DE
i2memset@c                               cstackCOMRAM 000003
i2memset@n                               cstackCOMRAM 000005
i2memset@p                               cstackCOMRAM 000007
i2memset@p1                              cstackCOMRAM 000001
int$flags                                temp         000050
int_func                                 intcode_body 00242A
intlevel0                                text         000000
intlevel1                                text         000000
intlevel2                                text         000000
intlevel3                                text         000000
isa$std                                  (abs)        000001
isa$xinst                                (abs)        000000
memcpy@d                                 cstackCOMRAM 000007
memcpy@d1                                cstackCOMRAM 000001
memcpy@n                                 cstackCOMRAM 000005
memcpy@s                                 cstackCOMRAM 000009
memcpy@s1                                cstackCOMRAM 000003
memcpy@tmp                               cstackCOMRAM 00000B
memset@c                                 cstackBANK0  000081
memset@n                                 cstackBANK0  000083
memset@p                                 cstackBANK0  000085
memset@p1                                cstackBANK0  00007F
stackhi                                  (abs)        000000
stacklo                                  (abs)        000000
start                                    init         00004A
start_initialization                     cinit        0026D4
ttemp5                                   temp         000051
ttemp6                                   temp         000054
ttemp7                                   temp         000058
wtemp8                                   temp         000051


MODULE INFORMATION

Module		Function		Class		Link	Load	Size
B:\Program Files\Microchip\xc8\v2.41\pic\sources\c90\common\memset.c
		_memset        		CODE           	25A4	0000	58

B:\Program Files\Microchip\xc8\v2.41\pic\sources\c90\common\memset.c estimated size: 58

usb_device_hid.c
		_USBCheckHIDRequest		CODE           	0FAC	0000	330

usb_device_hid.c estimated size: 330

B:\Program Files\Microchip\xc8\v2.41\pic\sources\c90\common\memcpy.c
		_memcpy        		CODE           	2484	0000	80

B:\Program Files\Microchip\xc8\v2.41\pic\sources\c90\common\memcpy.c estimated size: 80

app_device_custom_hid.c
		_APP_DeviceCustomHIDInitialize		CODE           	2648	0000	50

app_device_custom_hid.c estimated size: 50

shared
		_configDescriptor1		SMALLCONST     	086B	0000	41
		_USB_CD_Ptr    		SMALLCONST     	0807	0000	2
		_sd001         		SMALLCONST     	0809	0000	52
		_sd002         		SMALLCONST     	083D	0000	46
		i2_USBDeviceInit		CODE           	15FC	0000	318
		__initialization		CODE           	26D4	0000	24
		_device_dsc    		SMALLCONST     	08B1	0000	18
		_USB_SD_Ptr    		SMALLCONST     	0801	0000	6
		_hid_rpt01     		SMALLCONST     	0894	0000	29
		i2_PIC18F4550_Initialize		CODE           	2720	0000	34
		i2_memset      		CODE           	25DE	0000	56
		_sd000         		SMALLCONST     	08C3	0000	4
		i2_USBTransferOnePacket		CODE           	173A	0000	318

shared estimated size: 948

usb_device.c
		_USBCtrlTrfInHandler		CODE           	1CD4	0000	266
		_USBTransferOnePacket		CODE           	123A	0000	322
		_USBDeviceAttach		CODE           	2520	0000	70
		_USBStdGetDscHandler		CODE           	0E4C	0000	352
		_USBCtrlEPAllowDataStage		CODE           	206C	0000	180
		_USBStdFeatureReqHandler		CODE           	08C8	0000	860
		_USBCtrlEPAllowStatusStage		CODE           	1DDE	0000	240
		_USBCtrlTrfSetupHandler		CODE           	226C	0000	144
		_USBCtrlTrfOutHandler		CODE           	22FC	0000	116
		_USBCtrlEPServiceComplete		CODE           	137C	0000	322
		_USBSuspend    		CODE           	26A8	0000	44
		_USBStdSetCfgHandler		CODE           	1ECE	0000	230
		_USBStdGetStatusHandler		CODE           	1BC6	0000	270
		_USBWakeFromSuspend		CODE           	2566	0000	62
		_USBCtrlTrfRxService		CODE           	10F6	0000	324
		_USBCtrlTrfTxService		CODE           	1AB6	0000	272
		_USBEnableEndpoint		CODE           	24D4	0000	76
		_USBConfigureEndpoint		CODE           	2120	0000	176
		_USBDeviceInit 		CODE           	14BE	0000	318
		_USBIncrement1msInternalTimers		CODE           	2616	0000	50
		_USBCtrlEPService		CODE           	1FB4	0000	184
		_USBStallHandler		CODE           	2370	0000	96
		_USBDeviceTasks		CODE           	0C24	0000	552
		_USBCheckStdRequest		CODE           	19A4	0000	274

usb_device.c estimated size: 5800

usb_events.c
		_USER_USB_CALLBACK_EVENT_HANDLER		CODE           	21D0	0000	156

usb_events.c estimated size: 156

main.c
		_main          		CODE           	23D0	0000	90

main.c estimated size: 90

system.c
		_SYS_InterruptHigh		CODE           	0008	0000	96
		_Update_PWM    		CODE           	1878	0000	300
		_Update_Duty   		CODE           	2742	0000	32
		_Init_PWM      		CODE           	267A	0000	46
		_pwm_low_priority		CODE           	0018	0000	50
		_PIC18F4550_Initialize		CODE           	26FA	0000	38

system.c estimated size: 562

